
> lasavo-school@1.0.0 build
> vite build

[36mvite v5.4.21 [32mbuilding for production...[36m[39m
transforming...
[32mΓ£ô[39m 31 modules transformed.
rendering chunks...
computing gzip size...
[2mdist/[22m[32mindex.html                [39m[1m[2m  0.49 kB[22m[1m[22m[2m Γöé gzip:  0.34 kB[22m
[2mdist/[22m[36massets/index-D9B12uWJ.js  [39m[1m[2m275.54 kB[22m[1m[22m[2m Γöé gzip: 67.40 kB[22m
[32mΓ£ô built in 1m 24s[39m
